{
  "success" : true,
  "base" : "EUR",
  "date" : "2023-06-06",
  "rates" : {
    "CZK" : 23.58
  }
}
