{
  "success" : true,
  "base" : "EUR",
  "date" : "2023-06-06",
  "rates" : {
    "EUR" : 1.0,
    "CZK" : 23.578329
  }
}
